---
source: compiler-core/src/language_server/tests/action.rs
expression: "\npub fn main() {\n  use a <- wobble(1)\n  use b <- wobble(2)\n  3 + a + b\n}\n\nfn wobble(x: Int, b: fn(Int) -> Int) -> Int {\n  x + b(x)\n}\n"
---
pub fn main() {
  wobble(1, fn(a) {
    use b <- wobble(2)
    3 + a + b
  })
}

fn wobble(x: Int, b: fn(Int) -> Int) -> Int {
  x + b(x)
}
