---
source: compiler-core/src/language_server/tests/completion.rs
expression: "completion_at_default_position(TestProject::for_source(code))"
---
[
    CompletionItem {
        label: "Left",
        label_details: Some(
            CompletionItemLabelDetails {
                detail: None,
                description: Some(
                    "app",
                ),
            },
        ),
        kind: Some(
            EnumMember,
        ),
        detail: Some(
            "Direction",
        ),
        documentation: Some(
            MarkupContent(
                MarkupContent {
                    kind: Markdown,
                    value: " Hello\n",
                },
            ),
        ),
        deprecated: None,
        preselect: None,
        sort_text: None,
        filter_text: None,
        insert_text: Some(
            "Left",
        ),
        insert_text_format: None,
        insert_text_mode: None,
        text_edit: None,
        additional_text_edits: None,
        command: None,
        commit_characters: None,
        data: None,
        tags: None,
    },
    CompletionItem {
        label: "Right",
        label_details: Some(
            CompletionItemLabelDetails {
                detail: None,
                description: Some(
                    "app",
                ),
            },
        ),
        kind: Some(
            EnumMember,
        ),
        detail: Some(
            "Direction",
        ),
        documentation: Some(
            MarkupContent(
                MarkupContent {
                    kind: Markdown,
                    value: " Goodbye\n",
                },
            ),
        ),
        deprecated: None,
        preselect: None,
        sort_text: None,
        filter_text: None,
        insert_text: Some(
            "Right",
        ),
        insert_text_format: None,
        insert_text_mode: None,
        text_edit: None,
        additional_text_edits: None,
        command: None,
        commit_characters: None,
        data: None,
        tags: None,
    },
]
